
> build
> nuxt build

[90m│[39m
[33m▲[39m  Changing [36mNODE_ENV[39m from [36mdevelopment[39m to [36mproduction[39m, to avoid unintended behavior.
[90m┌[39m  [36mBuilding Nuxt for production...[39m
[90m│[39m
[34m●[39m  [32mNuxt [1m3.20.2[22m[39m[90m (with [39m[90mNitro [1m2.12.9[22m[39m[90m, Vite [1m7.2.7[22m[39m[90m and Vue [1m3.5.25[22m[39m[90m)[39m
[90m[[90mnuxt:tailwindcss[90m][39m [36mℹ[39m Using Tailwind CSS from ~/assets/css/main.css
[90m│[39m
[34m●[39m  Nitro preset: [36mcloudflare-pages[39m
[36mℹ[39m Building client...
[36mℹ[39m [36mvite v7.2.7 [32mbuilding client environment for production...[36m[39m
[36mℹ[39m transforming...
node.exe : [31m[1m[u
nplugin-vue-i18n] 
[22m[39m 10 (error 
code: 10) in C:/Users/
ekalliptus.DESKTOP-JL4
SLVM/OneDrive - Bina 
Sarana Informatika Uni
versity/dev/ekalliptus
/i18n/locales/id.json
At C:\src\nodejs\npm.p
s1:29 char:3
+   & $NODE_EXE 
$NPM_CLI_JS $args
+   ~~~~~~~~~~~~~~~~~~
~~~~~~~~~~~
    + CategoryInfo    
          : NotSpeci  
  fied: ([31m[1m[   
 unplu...locales/i    
d.json:String) []    
, RemoteException
    + FullyQualifiedE 
   rrorId : NativeCo  
  mmandError
 
  target message: 
nama@domain.com
  target message 
path: 
order.emailPlaceholder

  1  |  
nama@domain.com
   |  ^^^^^^^^^^^^^^^

[36mℹ[39m [32m✓[39m 47 modules transformed.

[41m[30m ERROR 
[39m[49m 
[31m✗[39m Build 
failed in 4.36s

[90m│[39m
[31m■[39m  Nuxt build error: Error: [31m[unplugin-vue-i18n:resource] 10 (error code: 10) in C:/Users/ekalliptus.DESKTOP-JL4SLVM/OneDrive - Bina Sarana Informatika University/dev/ekalliptus/i18n/locales/id.json
[90m│[39m    target message: nama@domain.com
[90m│[39m    target message path: order.emailPlaceholder

[90m│[39m    1  |  nama@domain.com
[90m│[39m     |  ^^^^^^^^^^^^^^^
[90m│[39m  [39m
[90m│[39m  file: [36mC:/Users/ekalliptus.DESKTOP-JL4SLVM/OneDrive - Bina Sarana Informatika University/dev/ekalliptus/i18n/locales/id.json[39m
